.....OO......O.OOOO.....O.O...OO....
.....OO.OO..O..O..O.O.O.O.O.O.O..OO........OOO.OO..OO.O.OOO.O.O.O.OO.O..
.O.OOOOO.O..O.O...
o
>
Abc 123
